;32mI (39) boot.eets Jun  8 2016 00:22:57

rst:0x1 (POWERON_RESET),boot:0x13 (SPI_FAST_FLASH_BOOT)
configsip: 0, SPIWP:0xee
clk_drv:0x00,q_drv:0x00,d_drv:0x00,cs0_drv:0x00,hd_drv:0x00,wp_drv:0x00
mode:DIO, clock div:2
load:0x3fff0030,len:7084
ho 0 tail 12 room 4
load:0x40078000,len:15584
load:0x40080400,len:4
load:0x40080404,len:3876
entry 0x4008064c
[0;32mI (31) boot: ESP-IDF v5.1.2-dirty 2nd stage bootloader[0m
[0;32mI (31) boot: compile time Jul  2 2024 03:58:34[0m
[0;32mI (31) boot: Multicore bootloader[0m
[0;32mI (35) boot: chip revision: v1.0[0m
[0;32mI (39) boot.esp32: SPI Speed      : 40MHz[0m
[0;32mI (44) boot.esp32: SPI Mode       : DIO[0m
[0;32mI (48) boot.esp32: SPI Flash Size : 2MB[0m
[0;32mI (53) boot: Enabling RNG early entropy source...[0m
[0;32mI (58) boot: Partition Table:[0m
[0;32mI (62) boot: ## Label            Usage          Type ST Offset   Length[0m
[0;32mI (69) boot:  0 nvs              WiFi data        01 02 00009000 00006000[0m
[0;32mI (77) boot:  1 phy_init         RF data          01 01 0000f000 00001000[0m
[0;32mI (84) boot:  2 factory          factory app      00 00 00010000 00100000[0m
[0;32mI (92) boot: End of partition table[0m
[0;32mI (96) esp_image: segment 0: paddr=00010020 vaddr=3f400020 size=0ac88h ( 44168) map[0m
[0;32mI (120) esp_image: segment 1: paddr=0001acb0 vaddr=3ffb0000 size=02198h (  8600) load[0m
[0;32mI (124) esp_image: segment 2: paddr=0001ce50 vaddr=40080000 size=031c8h ( 12744) load[0m
[0;32mI (131) esp_image: segment 3: paddr=00020020 vaddr=400d0020 size=173e0h ( 95200) map[0m
[0;32mI (169) esp_image: segment 4: paddr=00037408 vaddr=400831c8 size=0a3c8h ( 41928) load[0m
[0;32mI (193) boot: Loaded app from partition at offset 0x10000[0m
[0;32mI (193) boot: Disabling RNG early entropy source...[0m
[0;32mI (205) cpu_start: Multicore app[0m
[0;32mI (205) cpu_start: Pro cpu up.[0m
[0;32mI (205) cpu_start: Starting app cpu, entry point is 0x40081204[0m
[0;32mI (0) cpu_start: App cpu up.[0m
[0;32mI (223) cpu_start: Pro cpu start user code[0m
[0;32mI (223) cpu_start: cpu freq: 160000000 Hz[0m
[0;32mI (223) cpu_start: Application information:[0m
[0;32mI (228) cpu_start: Project name:     max30102_oled_test[0m
[0;32mI (234) cpu_start: App version:      cd87eb9-dirty[0m
[0;32mI (239) cpu_start: Compile time:     Jul  2 2024 03:58:08[0m
[0;32mI (245) cpu_start: ELF file SHA256:  342ebd85794cb972...[0m
[0;32mI (251) cpu_start: ESP-IDF:          v5.1.2-dirty[0m
[0;32mI (257) cpu_start: Min chip rev:     v0.0[0m
[0;32mI (262) cpu_start: Max chip rev:     v3.99 [0m
[0;32mI (266) cpu_start: Chip rev:         v1.0[0m
[0;32mI (271) heap_init: Initializing. RAM available for dynamic allocation:[0m
[0;32mI (278) heap_init: At 3FFAE6E0 len 00001920 (6 KiB): DRAM[0m
[0;32mI (284) heap_init: At 3FFB2C28 len 0002D3D8 (180 KiB): DRAM[0m
[0;32mI (291) heap_init: At 3FFE0440 len 00003AE0 (14 KiB): D/IRAM[0m
[0;32mI (297) heap_init: At 3FFE4350 len 0001BCB0 (111 KiB): D/IRAM[0m
[0;32mI (303) heap_init: At 4008D590 len 00012A70 (74 KiB): IRAM[0m
[0;32mI (311) spi_flash: detected chip: generic[0m
[0;32mI (314) spi_flash: flash io: dio[0m
[0;33mW (318) spi_flash: Detected size(4096k) larger than the size in the binary image header(2048k). Using the size in the binary image header.[0m
[0;32mI (332) app_start: Starting scheduler on CPU0[0m
[0;32mI (336) app_start: Starting scheduler on CPU1[0m
[0;32mI (336) main_task: Started on CPU0[0m
[0;32mI (346) main_task: Calling app_main()[0m
[0;32mI (346) max30102_test: Found MAX30102![0m
[0;32mI 
assert failed: xRingbufferReceive ringbuf.c:1102 (pxRingbuffer && pxItemSize)


Backtrace: 0x40081836:0x3ffba0f0 0x400869b1:0x3ffba110 0x4008c215:0x3ffba130 0x400866e9:0x3ffba250 0x400d5b20:0x3ffba290 0x40089061:0x3ffba2c0




ELF file SHA256: 342ebd85794cb972

Rebooting...
ets Jun  8 2016 00:22:57

rst:0xc (SW_CPU_RESET),boot:0x13 (SPI_FAST_FLASH_BOOT)
configsip: 0, SPIWP:0xee
clk_drv:0x00,q_drv:0x00,d_drv:0x00,cs0_drv:0x00,hd_drv:0x00,wp_drv:0x00
mode:DIO, clock div:2
load:0x3fff0030,len:7084
ho 0 tail 12 room 4
load:0x40078000,len:15584
load:0x40080400,len:4
load:0x40080404,len:3876
entry 0x4008064c
[0;32mI (31) boot: ESP-IDF v5.1.2-dirty 2nd stage bootloader[0m
[0;32mI (31) boot: compile time Jul  2 2024 03:58:34[0m
[0;32mI (31) boot: Multicore bootloader[0m
[0;32mI (36) boot: chip revision: v1.0[0m
[0;32mI (40) boot.esp32: SPI Speed      : 40MHz[0m
[0;32mI (44) boot.esp32: SPI Mode       : DIO[0m
[0;32mI (49) boot.esp32: SPI Flash Size : 2MB[0m
[0;32mI (53) boot: Enabling RNG early entropy source...[0m
[0;32mI (59) boot: Partition Table:[0m
[0;32mI (62) boot: ## Label            Usage          Type ST Offset   Length[0m
[0;32mI (70) boot:  0 nvs              WiFi data        01 02 00009000 00006000[0m
[0;32mI (77) boot:  1 phy_init         RF data          01 01 0000f000 00001000[0m
[0;32mI (84) boot:  2 factory          factory app      00 00 00010000 00100000[0m
[0;32mI (92) boot: End of partition table[0m
[0;32mI (96) esp_image: segment 0: paddr=00010020 vaddr=3f400020 size=0ac88h ( 44168) map[0m
[0;32mI (121) esp_image: segment 1: paddr=0001acb0 vaddr=3ffb0000 size=02198h (  8600) load[0m
[0;32mI (124) esp_image: segment 2: paddr=0001ce50 vaddr=40080000 size=031c8h ( 12744) load[0m
[0;32mI (132) esp_image: segment 3: paddr=00020020 vaddr=400d0020 size=173e0h ( 95200) map[0m
[0;32mI (169) esp_image: segment 4: paddr=00037408 vaddr=400831c8 size=0a3c8h ( 41928) load[0m
[0;32mI (194) boot: Loaded app from partition at offset 0x10000[0m
[0;32mI (194) boot: Disabling RNG early entropy source...[0m
[0;32mI (205) cpu_start: Multicore app[0m
[0;32mI (205) cpu_start: Pro cpu up.[0m
[0;32mI (206) cpu_start: Starting app cpu, entry point is 0x40081204[0m
[0;32mI (193) cpu_start: App cpu up.[0m
[0;32mI (224) cpu_start: Pro cpu start user code[0m
[0;32mI (224) cpu_start: cpu freq: 160000000 Hz[0m
[0;32mI (224) cpu_start: Application information:[0m
[0;32mI (228) cpu_start: Project name:     max30102_oled_test[0m
[0;32mI (234) cpu_start: App version:      cd87eb9-dirty[0m
[0;32mI (240) cpu_start: Compile time:     Jul  2 2024 03:58:08[0m
[0;32mI (246) cpu_start: ELF file SHA256:  342ebd85794cb972...[0m
[0;32mI (252) cpu_start: ESP-IDF:          v5.1.2-dirty[0m
[0;32mI (257) cpu_start: Min chip rev:     v0.0[0m
[0;32mI (262) cpu_start: Max chip rev:     v3.99 [0m
[0;32mI (267) cpu_start: Chip rev:         v1.0[0m
[0;32mI (272) heap_init: Initializing. RAM available for dynamic allocation:[0m
[0;32mI (279) heap_init: At 3FFAE6E0 len 00001920 (6 KiB): DRAM[0m
[0;32mI (285) heap_init: At 3FFB2C28 len 0002D3D8 (180 KiB): DRAM[0m
[0;32mI (291) heap_init: At 3FFE0440 len 00003AE0 (14 KiB): D/IRAM[0m
[0;32mI (297) heap_init: At 3FFE4350 len 0001BCB0 (111 KiB): D/IRAM[0m
[0;32mI (304) heap_init: At 4008D590 len 00012A70 (74 KiB): IRAM[0m
[0;32mI (311) spi_flash: detected chip: generic[0m
[0;32mI (315) spi_flash: flash io: dio[0m
[0;33mW (319) spi_flash: Detected size(4096k) larger than the size in the binary image header(2048k). Using the size in the binary image header.[0m
[0;32mI (332) app_start: Starting scheduler on CPU0[0m
[0;32mI (337) app_start: Starting scheduler on CPU1[0m
[0;32mI (337) main_task: Started on CPU0[0m
[0;32mI (347) main_task: Calling app_main()[0m
[0;32mI (347) max30102_test: Found MAX30102![0m
[0;32mI 
assert failed: xRingbufferReceive ringbuf.c:1102 (pxRingbuffer && pxItemSize)


Backtrace: 0x40081836:0x3ffba0f0 0x400869b1:0x3ffba110 0x4008c215:0x3ffba130 0x400866e9:0x3ffba250 0x400d5b20:0x3ffba290 0x40089061:0x3ffba2c0




ELF file SHA256: 342ebd85794cb972

Rebooting...
ets Jun  8 2016 00:22:57

rst:0xc (SW_CPU_RESET),boot:0x13 (SPI_FAST_FLASH_BOOT)
configsip: 0, SPIWP:0xee
clk_drv:0x00,q_drv:0x00,d_drv:0x00,cs0_drv:0x00,hd_drv:0x00,wp_drv:0x00
mode:DIO, clock div:2
load:0x3fff0030,len:7084
ho 0 tail 12 room 4
load:0x40078000,len:15584
load:0x40080400,len:4
load:0x40080404,len:3876
entry 0x4008064c
[0;32mI (31) boot: ESP-IDF v5.1.2-dirty 2nd stage bootloader[0m
[0;32mI (31) boot: compile time Jul  2 2024 03:58:34[0m
[0;32mI (31) boot: Multicore bootloader[0m
[0;32mI (36) boot: chip revision: v1.0[0m
[0;32mI (40) boot.esp32: SPI Speed      : 40MHz[0m
[0;32mI (44) boot.esp32: SPI Mode       : DIO[0m
[0;32mI (49) boot.esp32: SPI Flash Size : 2MB[0m
[0;32mI (53) boot: Enabling RNG early entropy source...[0m
[0;32mI (59) boot: Partition Table:[0m
[0;32mI (62) boot: ## Label            Usage          Type ST Offset   Length[0m
[0;32mI (70) boot:  0 nvs              WiFi data        01 02 00009000 00006000[0m
[0;32mI (77) boot:  1 phy_init         RF data          01 01 0000f000 00001000[0m
[0;32mI (84) boot:  2 factory          factory app      00 00 00010000 00100000[0m
[0;32mI (92) boot: End of partition table[0m
[0;32mI (96) esp_image: segment 0: paddr=00010020 vaddr=3f400020 size=0ac88h ( 44168) map[0m
[0;32mI (121) esp_image: segment 1: paddr=0001acb0 vaddr=3ffb0000 size=02198h (  8600) load[0m
[0;32mI (124) esp_image: segment 2: paddr=0001ce50 vaddr=40080000 size=031c8h ( 12744) load[0m
[0;32mI (132) esp_image: segment 3: paddr=00020020 vaddr=400d0020 size=173e0h ( 95200) map[0m
[0;32mI (169) esp_image: segment 4: paddr=00037408 vaddr=400831c8 size=0a3c8h ( 41928) load[0m
[0;32mI (194) boot: Loaded app from partition at offset 0x10000[0m
[0;32mI (194) boot: Disabling RNG early entropy source...[0m
[0;32mI (205) cpu_start: Multicore app[0m
[0;32mI (205) cpu_start: Pro cpu up.[0m
[0;32mI (206) cpu_start: Starting app cpu, entry point is 0x40081204[0m
[0;32mI (193) cpu_start: App cpu up.[0m
[0;32mI (224) cpu_start: Pro cpu start user code[0m
[0;32mI (224) cpu_start: cpu freq: 160000000 Hz[0m
[0;32mI (224) cpu_start: Application information:[0m
[0;32mI (228) cpu_start: Project name:     max30102_oled_test[0m
[0;32mI (234) cpu_start: App version:      cd87eb9-dirty[0m
[0;32mI (240) cpu_start: Compile time:     Jul  2 2024 03:58:08[0m
[0;32mI (246) cpu_start: ELF file SHA256:  342ebd85794cb972...[0m
[0;32mI (252) cpu_start: ESP-IDF:          v5.1.2-dirty[0m
[0;32mI (257) cpu_start: Min chip rev:     v0.0[0m
[0;32mI (262) cpu_start: Max chip rev:     v3.99 [0m
[0;32mI (267) cpu_start: Chip rev:         v1.0[0m
[0;32mI (272) heap_init: Initializing. RAM available for dynamic allocation:[0m
[0;32mI (279) heap_init: At 3FFAE6E0 len 00001920 (6 KiB): DRAM[0m
[0;32mI (285) heap_init: At 3FFB2C28 len 0002D3D8 (180 KiB): DRAM[0m
[0;32mI (291) heap_init: At 3FFE0440 len 00003AE0 (14 KiB): D/IRAM[0m
[0;32mI (297) heap_init: At 3FFE4350 len 0001BCB0 (111 KiB): D/IRAM[0m
[0;32mI (304) heap_init: At 4008D590 len 00012A70 (74 KiB): IRAM[0m
[0;32mI (311) spi_flash: detected chip: generic[0m
[0;32mI (315) spi_flash: flash io: dio[0m
[0;33mW (319) spi_flash: Detected size(4096k) larger than the size in the binary image header(2048k). Using the size in the binary image header.[0m
[0;32mI (332) app_start: Starting scheduler on CPU0[0m
[0;32mI (337) app_start: Starting scheduler on CPU1[0m
[0;32mI (337) main_task: Started on CPU0[0m
[0;32mI (347) main_task: Calling app_main()[0m
[0;32mI (347) max30102_test: Found MAX30102![0m
[0;32mI 
assert failed: xRingbufferReceive ringbuf.c:1102 (pxRingbuffer && pxItemSize)


Backtrace: 0x40081836:0x3ffba0f0 0x400869b1:0x3ffba110 0x4008c215:0x3ffba130 0x400866e9:0x3ffba250 0x400d5b20:0x3ffba290 0x40089061:0x3ffba2c0




ELF file SHA256: 342ebd85794cb972

Rebooting...
ets Jun  8 2016 00:22:57

rst:0xc (SW_CPU_RESET),boot:0x13 (SPI_FAST_FLASH_BOOT)
configsip: 0, SPIWP:0xee
clk_drv:0x00,q_drv:0x00,d_drv:0x00,cs0_drv:0x00,hd_drv:0x00,wp_drv:0x00
mode:DIO, clock div:2
load:0x3fff0030,len:7084
ho 0 tail 12 room 4
load:0x40078000,len:15584
load:0x40080400,len:4
load:0x40080404,len:3876
entry 0x4008064c
[0;32mI (31) boot: ESP-IDF v5.1.2-dirty 2nd stage bootloader[0m
[0;32mI (31) boot: compile time Jul  2 2024 03:58:34[0m
[0;32mI (31) boot: Multicore bootloader[0m
[0;32mI (36) boot: chip revision: v1.0[0m
[0;32mI (40) boot.esp32: SPI Speed      : 40MHz[0m
[0;32mI (44) boot.esp32: SPI Mode       : DIO[0m
[0;32mI (49) boot.esp32: SPI Flash Size : 2MB[0m
[0;32mI (53) boot: Enabling RNG early entropy source...[0m
[0;32mI (59) boot: Partition Table:[0m
[0;32mI (62) boot: ## Label            Usage          Type ST Offset   Length[0m
[0;32mI (70) boot:  0 nvs              WiFi data        01 02 00009000 00006000[0m
[0;32mI (77) boot:  1 phy_init         RF data          01 01 0000f000 00001000[0m
[0;32mI (84) boot:  2 factory          factory app      00 00 00010000 00100000[0m
[0;32mI (92) boot: End of partition table[0m
[0;32mI (96) esp_image: segment 0: paddr=00010020 vaddr=3f400020 size=0ac88h ( 44168) map[0m
[0;32mI (121) esp_image: segment 1: paddr=0001acb0 vaddr=3ffb0000 size=02198h (  8600) load[0m
[0;32mI (124) esp_image: segment 2: paddr=0001ce50 vaddr=40080000 size=031c8h ( 12744) load[0m
[0;32mI (132) esp_image: segment 3: paddr=00020020 vaddr=400d0020 size=173e0h ( 95200) map[0m
[0;32mI (169) esp_image: segment 4: paddr=00037408 vaddr=400831c8 size=0a3c8h ( 41928) load[0m
[0;32mI (194) boot: Loaded app from partition at offset 0x10000[0m
[0;32mI (194) boot: Disabling RNG early entropy source...[0m
[0;32mI (205) cpu_start: Multicore app[0m
[0;32mI (205) cpu_start: Pro cpu up.[0m
[0;32mI (206) cpu_start: Starting app cpu, entry point is 0x40081204[0m
[0;32mI (193) cpu_start: App cpu up.[0m
[0;32mI (224) cpu_start: Pro cpu start user code[0m
[0;32mI (224) cpu_start: cpu freq: 160000000 Hz[0m
[0;32mI (224) cpu_start: Application information:[0m
[0;32mI (228) cpu_start: Project name:     max30102_oled_test[0m
[0;32mI (234) cpu_start: App version:      cd87eb9-dirty[0m
[0;32mI (240) cpu_start: Compile time:     Jul  2 2024 03:58:08[0m
[0;32mI (246) cpu_start: ELF file SHA256:  342ebd85794cb972...[0m
[0;32mI (252) cpu_start: ESP-IDF:          v5.1.2-dirty[0m
[0;32mI (257) cpu_start: Min chip rev:     v0.0[0m
[0;32mI (262) cpu_start: Max chip rev:     v3.99 [0m
[0;32mI (267) cpu_start: Chip rev:         v1.0[0m
[0;32mI (272) heap_init: Initializing. RAM available for dynamic allocation:[0m
[0;32mI (279) heap_init: At 3FFAE6E0 len 00001920 (6 KiB): DRAM[0m
[0;32mI (285) heap_init: At 3FFB2C28 len 0002D3D8 (180 KiB): DRAM[0m
[0;32mI (291) heap_init: At 3FFE0440 len 00003AE0 (14 KiB): D/IRAM[0m
[0;32mI (297) heap_init: At 3FFE4350 len 0001BCB0 (111 KiB): D/IRAM[0m
[0;32mI (304) heap_init: At 4008D590 len 00012A70 (74 KiB): IRAM[0m
[0;32mI (311) spi_flash: detected chip: generic[0m
[0;32mI (315) spi_flash: flash io: dio[0m
[0;33mW (319) spi_flash: Detected size(4096k) larger than the size in the binary image header(2048k). Using the size in the binary image header.[0m
[0;32mI (332) app_start: Starting scheduler on CPU0[0m
[0;32mI (337) app_start: Starting scheduler on CPU1[0m
[0;32mI (337) main_task: Started on CPU0[0m
[0;32mI (347) main_task: Calling app_main()[0m
[0;32mI (347) max30102_test: Found MAX30102![0m
[0;32mI 
assert failed: xRingbufferReceive ringbuf.c:1102 (pxRingbuffer && pxItemSize)


Backtrace: 0x40081836:0x3ffba0f0 0x400869b1:0x3ffba110 0x4008c215:0x3ffba130 0x400866e9:0x3ffba250 0x400d5b20:0x3ffba290 0x40089061:0x3ffba2c0




ELF file SHA256: 342ebd85794cb972

Rebooting...
ets Jun  8 2016 00:22:57

rst:0xc (SW_CPU_RESET),boot:0x13 (SPI_FAST_FLASH_BOOT)
configsip: 0, SPIWP:0xee
clk_drv:0x00,q_drv:0x00,d_drv:0x00,cs0_drv:0x00,hd_drv:0x00,wp_drv:0x00
mode:DIO, clock div:2
load:0x3fff0030,len:7084
ho 0 tail 12 room 4
load:0x40078000,len:15584
load:0x40080400,len:4
load:0x40080404,len:3876
entry 0x4008064c
[0;32mI (31) boot: ESP-IDF v5.1.2-dirty 2nd stage bootloader[0m
[0;32mI (31) boot: compile time Jul  2 2024 03:58:34[0m
[0;32mI (31) boot: Multicore bootloader[0m
[0;32mI (36) boot: chip revision: v1.0[0m
[0;32mI (40) boot.esp32: SPI Speed      : 40MHz[0m
[0;32mI (44) boot.esp32: SPI Mode       : DIO[0m
[0;32mI (49) boot.esp32: SPI Flash Size : 2MB[0m
[0;32mI (53) boot: Enabling RNG early entropy source...[0m
[0;32mI (59) boot: Partition Table:[0m
[0;32mI (62) boot: ## Label            Usage          Type ST Offset   Length[0m
[0;32mI (70) boot:  0 nvs              WiFi data        01 02 00009000 00006000[0m
[0;32mI (77) boot:  1 phy_init         RF data          01 01 0000f000 00001000[0m
[0;32mI (84) boot:  2 factory          factory app      00 00 00010000 00100000[0m
[0;32mI (92) boot: End of partition table[0m
[0;32mI (96) esp_image: segment 0: paddr=00010020 vaddr=3f400020 size=0ac88h ( 44168) map[0m
[0;32mI (121) esp_image: segment 1: paddr=0001acb0 vaddr=3ffb0000 size=02198h (  8600) load[0m
[0;32mI (124) esp_image: segment 2: paddr=0001ce50 vaddr=40080000 size=031c8h ( 12744) load[0m
[0;32mI (132) esp_image: segment 3: paddr=00020020 vaddr=400d0020 size=173e0h ( 95200) map[0m
[0;32mI (169) esp_image: segment 4: paddr=00037408 vaddr=400831c8 size=0a3c8h ( 41928) load[0m
[0;32mI (194) boot: Loaded app from partition at offset 0x10000[0m
[0;32mI (194) boot: Disabling RNG early entropy source...[0m
[0;32mI (205) cpu_start: Multicore app[0m
[0;32mI (205) cpu_start: Pro cpu up.[0m
[0;32mI (206) cpu_start: Starting app cpu, entry point is 0x40081204[0m
[0;32mI (193) cpu_start: App cpu up.[0m
[0;32mI (224) cpu_start: Pro cpu start user code[0m
[0;32mI (224) cpu_start: cpu freq: 160000000 Hz[0m
[0;32mI (224) cpu_start: Application information:[0m
[0;32mI (228) cpu_start: Project name:     max30102_oled_test[0m
[0;32mI (234) cpu_start: App version:      cd87eb9-dirty[0m
[0;32mI (240) cpu_start: Compile time:     Jul  2 2024 03:58:08[0m
[0;32mI (246) cpu_start: ELF file SHA256:  342ebd85794cb972...[0m
[0;32mI (252) cpu_start: ESP-IDF:          v5.1.2-dirty[0m
[0;32mI (257) cpu_start: Min chip rev:     v0.0[0m
[0;32mI (262) cpu_start: Max chip rev:     v3.99 [0m
[0;32mI (267) cpu_start: Chip rev:         v1.0[0m
[0;32mI (272) heap_init: Initializing. RAM available for dynamic allocation:[0m
[0;32mI (279) heap_init: At 3FFAE6E0 len 00001920 (6 KiB): DRAM[0m
[0;32mI (285) heap_init: At 3FFB2C28 len 0002D3D8 (180 KiB): DRAM[0m
[0;32mI (291) heap_init: At 3FFE0440 len 00003AE0 (14 KiB): D/IRAM[0m
[0;32mI (297) heap_init: At 3FFE4350 len 0001BCB0 (111 KiB): D/IRAM[0m
[0;32mI (304) heap_init: At 4008D590 len 00012A70 (74 KiB): IRAM[0m
[0;32mI (311) spi_flash: detected chip: generic[0m
[0;32mI (315) spi_flash: flash io: dio[0m
[0;33mW (319) spi_flash: Detected size(4096k) larger than the size in the binary image header(2048k). Using the size in the binary image header.[0m
[0;32mI (332) app_start: Starting scheduler on CPU0[0m
[0;32mI (337) app_start: Starting scheduler on CPU1[0m
[0;32mI (337) main_task: Started on CPU0[0m
[0;32mI (347) main_task: Calling app_main()[0m
[0;32mI (347) max30102_test: Found MAX30102![0m
[0;32mI 
assert failed: xRingbufferReceive ringbuf.c:1102 (pxRingbuffer && pxItemSize)


Backtrace: 0x40081836:0x3ffba0f0 0x400869b1:0x3ffba110 0x4008c215:0x3ffba130 0x400866e9:0x3ffba250 0x400d5b20:0x3ffba290 0x40089061:0x3ffba2c0




ELF file SHA256: 342ebd85794cb972

Rebooting...
ets Jun  8 2016 00:22:57

rst:0xc (SW_CPU_RESET),boot:0x13 (SPI_FAST_FLASH_BOOT)
configsip: 0, SPIWP:0xee
clk_drv:0x00,q_drv:0x00,d_drv:0x00,cs0_drv:0x00,hd_drv:0x00,wp_drv:0x00
mode:DIO, clock div:2
load:0x3fff0030,len:7084
ho 0 tail 12 room 4
load:0x40078000,len:15584
load:0x40080400,len:4
load:0x40080404,len:3876
entry 0x4008064c
[0;32mI (31) boot: ESP-IDF v5.1.2-dirty 2nd stage bootloader[0m
[0;32mI (31) boot: compile time Jul  2 2024 03:58:34[0m
[0;32mI (31) boot: Multicore bootloader[0m
[0;32mI (36) boot: chip revision: v1.0[0m
[0;32mI (40) boot.esp32: SPI Speed      : 40MHz[0m
[0;32mI (44) boot.esp32: SPI Mode       : DIO[0m
[0;32mI (49) boot.esp32: SPI Flash Size : 2MB[0m
[0;32mI (53) boot: Enabling RNG early entropy source...[0m
[0;32mI (59) boot: Partition Table:[0m
[0;32mI (62) boot: ## Label            Usage          Type ST Offset   Length[0m
[0;32mI (70) boot:  0 nvs              WiFi data        01 02 00009000 00006000[0m
[0;32mI (77) boot:  1 phy_init         RF data          01 01 0000f000 00001000[0m
[0;32mI (84) boot:  2 factory          factory app      00 00 00010000 00100000[0m
[0;32mI (92) boot: End of partition table[0m
[0;32mI (96) esp_image: segment 0: paddr=00010020 vaddr=3f400020 size=0ac88h ( 44168) map[0m
[0;32mI (121) esp_image: segment 1: paddr=0001acb0 vaddr=3ffb0000 size=02198h (  8600) load[0m
[0;32mI (124) esp_image: segment 2: paddr=0001ce50 vaddr=40080000 size=031c8h ( 12744) load[0m
[0;32mI (132) esp_image: segment 3: paddr=00020020 vaddr=400d0020 size=173e0h ( 95200) map[0m
[0;32mI (169) esp_image: segment 4: paddr=00037408 vaddr=400831c8 size=0a3c8h ( 41928) load[0m
[0;32mI (194) boot: Loaded app from partition at offset 0x10000[0m
[0;32mI (194) boot: Disabling RNG early entropy source...[0m
[0;32mI (205) cpu_start: Multicore app[0m
[0;32mI (205) cpu_start: Pro cpu up.[0m
[0;32mI (206) cpu_start: Starting app cpu, entry point is 0x40081204[0m
[0;32mI (193) cpu_start: App cpu up.[0m
[0;32mI (224) cpu_start: Pro cpu start user code[0m
[0;32mI (224) cpu_start: cpu freq: 160000000 Hz[0m
[0;32mI (224) cpu_start: Application information:[0m
[0;32mI (228) cpu_start: Project name:     max30102_oled_test[0m
[0;32mI (234) cpu_start: App version:      cd87eb9-dirty[0m
[0;32mI (240) cpu_start: Compile time:     Jul  2 2024 03:58:08[0m
[0;32mI (246) cpu_start: ELF file SHA256:  342ebd85794cb972...[0m
[0;32mI (252) cpu_start: ESP-IDF:          v5.1.2-dirty[0m
[0;32mI (257) cpu_start: Min chip rev:     v0.0[0m
[0;32mI (262) cpu_start: Max chip rev:     v3.99 [0m
[0;32mI (267) cpu_start: Chip rev:         v1.0[0m
[0;32mI (272) heap_init: Initializing. RAM available for dynamic allocation:[0m
[0;32mI (279) heap_init: At 3FFAE6E0 len 00001920 (6 KiB): DRAM[0m
[0;32mI (285) heap_init: At 3FFB2C28 len 0002D3D8 (180 KiB): DRAM[0m
[0;32mI (291) heap_init: At 3FFE0440 len 00003AE0 (14 KiB): D/IRAM[0m
[0;32mI (297) heap_init: At 3FFE4350 len 0001BCB0 (111 KiB): D/IRAM[0m
[0;32mI (304) heap_init: At 4008D590 len 00012A70 (74 KiB): IRAM[0m
[0;32mI (311) spi_flash: detected chip: generic[0m
[0;32mI (315) spi_flash: flash io: dio[0m
[0;33mW (319) spi_flash: Detected size(4096k) larger than the size in the binary image header(2048k). Using the size in the binary image header.[0m
[0;32mI (332) app_start: Starting scheduler on CPU0[0m
[0;32mI (337) app_start: Starting scheduler on CPU1[0m
[0;32mI (337) main_task: Started on CPU0[0m
[0;32mI (347) main_task: Calling app_main()[0m
[0;32mI (347) max30102_test: Found MAX30102![0m
[0;32mI 
assert failed: xRingbufferReceive ringbuf.c:1102 (pxRingbuffer && pxItemSize)


Backtrace: 0x40081836:0x3ffba0f0 0x400869b1:0x3ffba110 0x4008c215:0x3ffba130 0x400866e9:0x3ffba250 0x400d5b20:0x3ffba290 0x40089061:0x3ffba2c0




ELF file SHA256: 342ebd85794cb972

Rebooting...
ets Jun  8 2016 00:22:57

rst:0xc (SW_CPU_RESET),boot:0x13 (SPI_FAST_FLASH_BOOT)
configsip: 0, SPIWP:0xee
clk_drv:0x00,q_drv:0x00,d_drv:0x00,cs0_drv:0x00,hd_drv:0x00,wp_drv:0x00
mode:DIO, clock div:2
load:0x3fff0030,len:7084
ho 0 tail 12 room 4
load:0x40078000,len:15584
load:0x40080400,len:4
load:0x40080404,len:3876
entry 0x4008064c
[0;32mI (31) boot: ESP-IDF v5.1.2-dirty 2nd stage bootloader[0m
[0;32mI (31) boot: compile time Jul  2 2024 03:58:34[0m
[0;32mI (31) boot: Multicore bootloader[0m
[0;32mI (36) boot: chip revision: v1.0[0m
[0;32mI (40) boot.esp32: SPI Speed      : 40MHz[0m
[0;32mI (44) boot.esp32: SPI Mode       : DIO[0m
[0;32mI (49) boot.esp32: SPI Flash Size : 2MB[0m
[0;32mI (53) boot: Enabling RNG early entropy source...[0m
[0;32mI (59) boot: Partition Table:[0m
[0;32mI (62) boot: ## Label            Usage          Type ST Offset   Length[0m
[0;32mI (70) boot:  0 nvs              WiFi data        01 02 00009000 00006000[0m
[0;32mI (77) boot:  1 phy_init         RF data          01 01 0000f000 00001000[0m
[0;32mI (84) boot:  2 factory          factory app      00 00 00010000 00100000[0m
[0;32mI (92) boot: End of partition table[0m
[0;32mI (96) esp_image: segment 0: paddr=00010020 vaddr=3f400020 size=0ac88h ( 44168) map[0m
[0;32mI (121) esp_image: segment 1: paddr=0001acb0 vaddr=3ffb0000 size=02198h (  8600) load[0m
[0;32mI (124) esp_image: segment 2: paddr=0001ce50 vaddr=40080000 size=031c8h ( 12744) load[0m
[0;32mI (132) esp_image: segment 3: paddr=00020020 vaddr=400d0020 size=173e0h ( 95200) map[0m
[0;32mI (169) esp_image: segment 4: paddr=00037408 vaddr=400831c8 size=0a3c8h ( 41928) load[0m
[0;32mI (194) boot: Loaded app from partition at offset 0x10000[0m
[0;32mI (194) boot: Disabling RNG early entropy source...[0m
[0;32mI (205) cpu_start: Multicore app[0m
[0;32mI (205) cpu_start: Pro cpu up.[0m
[0;32mI (206) cpu_start: Starting app cpu, entry point is 0x40081204[0m
[0;32mI (193) cpu_start: App cpu up.[0m
[0;32mI (224) cpu_start: Pro cpu start user code[0m
[0;32mI (224) cpu_start: cpu freq: 160000000 Hz[0m
[0;32mI (224) cpu_start: Application information:[0m
[0;32mI (228) cpu_start: Project name:     max30102_oled_test[0m
[0;32mI (234) cpu_start: App version:      cd87eb9-dirty[0m
[0;32mI (240) cpu_start: Compile time:     Jul  2 2024 03:58:08[0m
[0;32mI (246) cpu_start: ELF file SHA256:  342ebd85794cb972...[0m
[0;32mI (252) cpu_start: ESP-IDF:          v5.1.2-dirty[0m
[0;32mI (257) cpu_start: Min chip rev:     v0.0[0m
[0;32mI (262) cpu_start: Max chip rev:     v3.99 [0m
[0;32mI (267) cpu_start: Chip rev:         v1.0[0m
