ï¿½&ï¿½+
Bï¿½ï¿½Jï¿½ï¿½Ñ¹esp32: SPI Speed    ï¿½ets Jun  8 2016 00:22:57

rst:0x1 (POWERON_RESET),boot:0x13 (SPI_FAST_FLASH_BOOT)
configsip: 0, SPIWP:0xee
clk_drv:0x00,q_drv:0x00,d_drv:0x00,cs0_drv:0x00,hd_drv:0x00,wp_drv:0x00
mode:DIO, clock div:2
load:0x3fff0030,len:7084
ho 0 tail 12 room 4
load:0x40078000,len:15584
load:0x40080400,len:4
load:0x40080404,len:3876
entry 0x4008064c
[0;32mI (31) boot: ESP-IDF v5.1.2-dirty 2nd stage bootloader[0m
[0;32mI (31) boot: compile time Jun 22 2024 16:13:55[0m
[0;32mI (31) boot: Multicore bootloader[0m
[0;32mI (36) boot: chip revision: v1.0[0m
[0;32mI (39) boot.esp32: SPI Speed      : 40MHz[0m
[0;32mI (44) boot.esp32: SPI Mode       : DIO[0m
[0;32mI (49) boot.esp32: SPI Flash Size : 4MB[0m
[0;32mI (53) boot: Enabling RNG early entropy source...[0m
[0;32mI (58) boot: Partition Table:[0m
[0;32mI (62) boot: ## Label            Usage          Type ST Offset   Length[0m
[0;32mI (69) boot:  0 nvs              WiFi data        01 02 00009000 00006000[0m
[0;32mI (77) boot:  1 phy_init         RF data          01 01 0000f000 00001000[0m
[0;32mI (84) boot:  2 factory          factory app      00 00 00010000 00100000[0m
[0;32mI (92) boot: End of partition table[0m
[0;32mI (96) esp_image: segment 0: paddr=00010020 vaddr=3f400020 size=0ba60h ( 47712) map[0m
[0;32mI (122) esp_image: segment 1: paddr=0001ba88 vaddr=3ffb0000 size=02598h (  9624) load[0m
[0;32mI (126) esp_image: segment 2: paddr=0001e028 vaddr=40080000 size=01ff0h (  8176) load[0m
[0;32mI (131) esp_image: segment 3: paddr=00020020 vaddr=400d0020 size=184a0h ( 99488) map[0m
[0;32mI (172) esp_image: segment 4: paddr=000384c8 vaddr=40081ff0 size=0bac0h ( 47808) load[0m
[0;32mI (199) boot: Loaded app from partition at offset 0x10000[0m
[0;32mI (199) boot: Disabling RNG early entropy source...[0m
[0;32mI (210) cpu_start: Multicore app[0m
[0;32mI (211) cpu_start: Pro cpu up.[0m
[0;32mI (211) cpu_start: Starting app cpu, entry point is 0x40081244[0m
[0;32mI (0) cpu_start: App cpu up.[0m
[0;32mI (229) cpu_start: Pro cpu start user code[0m
[0;32mI (229) cpu_start: cpu freq: 240000000 Hz[0m
[0;32mI (229) cpu_start: Application information:[0m
[0;32mI (234) cpu_start: Project name:     i2s_i2c_test[0m
[0;32mI (239) cpu_start: App version:      5b74a3c-dirty[0m
[0;32mI (244) cpu_start: Compile time:     Jun 22 2024 16:13:35[0m
[0;32mI (250) cpu_start: ELF file SHA256:  d75a600c809a7093...[0m
[0;32mI (256) cpu_start: ESP-IDF:          v5.1.2-dirty[0m
[0;32mI (262) cpu_start: Min chip rev:     v0.0[0m
[0;32mI (267) cpu_start: Max chip rev:     v3.99 [0m
[0;32mI (271) cpu_start: Chip rev:         v1.0[0m
[0;32mI (276) heap_init: Initializing. RAM available for dynamic allocation:[0m
[0;32mI (283) heap_init: At 3FFAE6E0 len 00001920 (6 KiB): DRAM[0m
[0;32mI (289) heap_init: At 3FFB2E90 len 0002D170 (180 KiB): DRAM[0m
[0;32mI (296) heap_init: At 3FFE0440 len 00003AE0 (14 KiB): D/IRAM[0m
[0;32mI (302) heap_init: At 3FFE4350 len 0001BCB0 (111 KiB): D/IRAM[0m
[0;32mI (308) heap_init: At 4008DAB0 len 00012550 (73 KiB): IRAM[0m
[0;32mI (316) spi_flash: detected chip: generic[0m
[0;32mI (319) spi_flash: flash io: dio[0m
[0;32mI (324) app_start: Starting scheduler on CPU0[0m
[0;32mI (328) app_start: Starting scheduler on CPU1[0m
[0;32mI (328) main_task: Started on CPU0[0m
[0;32mI (338) main_task: Calling app_main()[0m
[0;32mI (338) MAIN: Hello[0m
[0;32mI (338) SSD1306: Legacy i2c driver is used[0m
[0;32mI (348) gpio: GPIO[15]| InputEn: 0| OutputEn: 0| OpenDrain: 0| Pullup: 1| Pulldown: 0| Intr:0 [0m
[0;32mI (358) main_task: Returned from app_main()[0m
[0;32mI (408) SSD1306: OLED configured successfully[0m
[0;32mI (498) MAIN: hello[0m
[0;32mI (498) MAIN: Hello123 [0m

assert failed: xQueueSemaphoreTake queue.c:1653 (( pxQueue ))


Backtrace: 0x40081876:0x3ffb6b00 0x40086ed1:0x3ffb6b20 0x4008c735:0x3ffb6b40 0x400877be:0x3ffb6c60 0x400d6d6f:0x3ffb6ca0 0x400d6f9b:0x3ffb6ce0 0x400d5cd4:0x3ffb6d10 0x400d5930:0x3ffb6d40 0x40089581:0x3ffb7280




ELF file SHA256: d75a600c809a7093

Rebooting...
ets Jun  8 2016 00:22:57

rst:0xc (SW_CPU_RESET),boot:0x13 (SPI_FAST_FLASH_BOOT)
configsip: 0, SPIWP:0xee
clk_drv:0x00,q_drv:0x00,d_drv:0x00,cs0_drv:0x00,hd_drv:0x00,wp_drv:0x00
mode:DIO, clock div:2
load:0x3fff0030,len:7084
ho 0 tail 12 room 4
load:0x40078000,len:15584
load:0x40080400,len:4
load:0x40080404,len:3876
entry 0x4008064c
[0;32mI (31) boot: ESP-IDF v5.1.2-dirty 2nd stage bootloader[0m
[0;32mI (31) boot: compile time Jun 22 2024 16:13:55[0m
[0;32mI (31) boot: Multicore bootloader[0m
[0;32mI (36) boot: chip revision: v1.0[0m
[0;32mI (40) boot.esp32: SPI Speed      : 40MHz[0m
[0;32mI (44) boot.esp32: SPI Mode       : DIO[0m
[0;32mI (49) boot.esp32: SPI Flash Size : 4MB[0m
[0;32mI (53) boot: Enabling RNG early entropy source...[0m
[0;32mI (59) boot: Partition Table:[0m
[0;32mI (62) boot: ## Label            Usage          Type ST Offset   Length[0m
[0;32mI (70) boot:  0 nvs              WiFi data        01 02 00009000 00006000[0m
[0;32mI (77) boot:  1 phy_init         RF data          01 01 0000f000 00001000[0m
[0;32mI (84) boot:  2 factory          factory app      00 00 00010000 00100000[0m
[0;32mI (92) boot: End of partition table[0m
[0;32mI (96) esp_image: segment 0: paddr=00010020 vaddr=3f400020 size=0ba60h ( 47712) map[0m
[0;32mI (122) esp_image: segment 1: paddr=0001ba88 vaddr=3ffb0000 size=02598h (  9624) load[0m
[0;32mI (126) esp_image: segment 2: paddr=0001e028 vaddr=40080000 size=01ff0h (  8176) load[0m
[0;32mI (131) esp_image: segment 3: paddr=00020020 vaddr=400d0020 size=184a0h ( 99488) map[0m
[0;32mI (172) esp_image: segment 4: paddr=000384c8 vaddr=40081ff0 size=0bac0h ( 47808) load[0m
[0;32mI (199) boot: Loaded app from partition at offset 0x10000[0m
[0;32mI (199) boot: Disabling RNG early entropy source...[0m
[0;32mI (211) cpu_start: Multicore app[0m
[0;32mI (211) cpu_start: Pro cpu up.[0m
[0;32mI (211) cpu_start: Starting app cpu, entry point is 0x40081244[0m
[0;32mI (198) cpu_start: App cpu up.[0m
[0;32mI (229) cpu_start: Pro cpu start user code[0m
[0;32mI (229) cpu_start: cpu freq: 240000000 Hz[0m
[0;32mI (229) cpu_start: Application information:[0m
[0;32mI (234) cpu_start: Project name:     i2s_i2c_test[0m
[0;32mI (239) cpu_start: App version:      5b74a3c-dirty[0m
[0;32mI (245) cpu_start: Compile time:     Jun 22 2024 16:13:35[0m
[0;32mI (251) cpu_start: ELF file SHA256:  d75a600c809a7093...[0m
[0;32mI (257) cpu_start: ESP-IDF:          v5.1.2-dirty[0m
[0;32mI (262) cpu_start: Min chip rev:     v0.0[0m
[0;32mI (267) cpu_start: Max chip rev:     v3.99 [0m
[0;32mI (272) cpu_start: Chip rev:         v1.0[0m
[0;32mI (277) heap_init: Initializing. RAM available for dynamic allocation:[0m
[0;32mI (284) heap_init: At 3FFAE6E0 len 00001920 (6 KiB): DRAM[0m
[0;32mI (290) heap_init: At 3FFB2E90 len 0002D170 (180 KiB): DRAM[0m
[0;32mI (296) heap_init: At 3FFE0440 len 00003AE0 (14 KiB): D/IRAM[0m
[0;32mI (302) heap_init: At 3FFE4350 len 0001BCB0 (111 KiB): D/IRAM[0m
[0;32mI (309) heap_init: At 4008DAB0 len 00012550 (73 KiB): IRAM[0m
[0;32mI (316) spi_flash: detected chip: generic[0m
[0;32mI (320) spi_flash: flash io: dio[0m
[0;32mI (324) app_start: Starting scheduler on CPU0[0m
[0;32mI (329) app_start: Starting scheduler on CPU1[0m
[0;32mI (329) main_task: Started on CPU0[0m
[0;32mI (339) main_task: Calling app_main()[0m
[0;32mI (339) MAIN: Hello[0m
[0;32mI (339) SSD1306: Legacy i2c driver is used[0m
[0;32mI (349) gpio: GPIO[15]| InputEn: 0| OutputEn: 0| OpenDrain: 0| Pullup: 1| Pulldown: 0| Intr:0 [0m
[0;32mI (359) main_task: Returned from app_main()[0m
[0;32mI (409) SSD1306: OLED configured successfully[0m
[0;32mI (499) MAIN: hello[0m
[0;32mI (499) MAIN: Hello123 [0m

assert failed: xQueueSemaphoreTake queue.c:1653 (( pxQueue ))


Backtrace: 0x40081876:0x3ffb6b00 0x40086ed1:0x3ffb6b20 0x4008c735:0x3ffb6b40 0x400877be:0x3ffb6c60 0x400d6d6f:0x3ffb6ca0 0x400d6f9b:0x3ffb6ce0 0x400d5cd4:0x3ffb6d10 0x400d5930:0x3ffb6d40 0x40089581:0x3ffb7280




ELF file SHA256: d75a600c809a7093

Rebooting...
ets Jun  8 2016 00:22:57

rst:0xc (SW_CPU_RESET),boot:0x13 (SPI_FAST_FLASH_BOOT)
configsip: 0, SPIWP:0xee
clk_drv:0x00,q_drv:0x00,d_drv:0x00,cs0_drv:0x00,hd_drv:0x00,wp_drv:0x00
mode:DIO, clock div:2
load:0x3fff0030,len:7084
ho 0 tail 12 room 4
load:0x40078000,len:15584
load:0x40080400,len:4
load:0x40080404,len:3876
entry 0x4008064c
[0;32mI (31) boot: ESP-IDF v5.1.2-dirty 2nd stage bootloader[0m
[0;32mI (31) boot: compile time Jun 22 2024 16:13:55[0m
[0;32mI (31) boot: Multicore bootloader[0m
[0;32mI (36) boot: chip revision: v1.0[0m
[0;32mI (40) boot.esp32: SPI Speed      : 40MHz[0m
[0;32mI (44) boot.esp32: SPI Mode       : DIO[0m
[0;32mI (49) boot.esp32: SPI Flash Size : 4MB[0m
[0;32mI (53) boot: Enabling RNG early entropy source...[0m
[0;32mI (59) boot: Partition Table:[0m
[0;32mI (62) boot: ## Label            Usage          Type ST Offset   Length[0m
[0;32mI (70) boot:  0 nvs              WiFi data        01 02 00009000 00006000[0m
[0;32mI (77) boot:  1 phy_init         RF data          01 01 0000f000 00001000[0m
[0;32mI (84) boot:  2 factory          factory app      00 00 00010000 00100000[0m
[0;32mI (92) boot: End of partition table[0m
[0;32mI (96) esp_image: segment 0: paddr=00010020 vaddr=3f400020 size=0ba60h ( 47712) map[0m
[0;32mI (122) esp_image: segment 1: paddr=0001ba88 vaddr=3ffb0000 size=02598h (  9624) load[0m
[0;32mI (126) esp_image: segment 2: paddr=0001e028 vaddr=40080000 size=01ff0h (  8176) load[0m
[0;32mI (131) esp_image: segment 3: paddr=00020020 vaddr=400d0020 size=184a0h ( 99488) map[0m
[0;32mI (172) esp_image: segment 4: paddr=000384c8 vaddr=40081ff0 size=0bac0h ( 47808) load[0m
[0;32mI (199) boot: Loaded app from partition at offset 0x10000[0m
[0;32mI (199) boot: Disabling RNG early entropy source...[0m
[0;32mI (211) cpu_start: Multicore app[0m
[0;32mI (211) cpu_start: Pro cpu up.[0m
[0;32mI (211) cpu_start: Starting app cpu, entry point is 0x40081244[0m
[0;32mI (198) cpu_start: App cpu up.[0m
[0;32mI (229) cpu_start: Pro cpu start user code[0m
[0;32mI (229) cpu_start: cpu freq: 240000000 Hz[0m
[0;32mI (229) cpu_start: Application information:[0m
[0;32mI (234) cpu_start: Project name:     i2s_i2c_test[0m
[0;32mI (239) cpu_start: App version:      5b74a3c-dirty[0m
[0;32mI (245) cpu_start: Compile time:     Jun 22 2024 16:13:35[0m
[0;32mI (251) cpu_start: ELF file SHA256:  d75a600c809a7093...[0m
[0;32mI (257) cpu_start: ESP-IDF:          v5.1.2-dirty[0m
[0;32mI (262) cpu_start: Min chip rev:     v0.0[0m
[0;32mI (267) cpu_start: Max chip rev:     v3.99 [0m
[0;32mI (272) cpu_start: Chip rev:         v1.0[0m
[0;32mI (277) heap_init: Initializing. RAM available for dynamic allocation:[0m
[0;32mI (284) heap_init: At 3FFAE6E0 len 00001920 (6 KiB): DRAM[0m
[0;32mI (290) heap_init: At 3FFB2E90 len 0002D170 (180 KiB): DRAM[0m
[0;32mI (296) heap_init: At 3FFE0440 len 00003AE0 (14 KiB): D/IRAM[0m
[0;32mI (302) heap_init: At 3FFE4350 len 0001BCB0 (111 KiB): D/IRAM[0m
[0;32mI (309) heap_init: At 4008DAB0 len 00012550 (73 KiB): IRAM[0m
[0;32mI (316) spi_flash: detected chip: generic[0m
[0;32mI (320) spi_flash: flash io: dio[0m
[0;32mI (324) app_start: Starting scheduler on CPU0[0m
[0;32mI (329) app_start: Starting scheduler on CPU1[0m
[0;32mI (329) main_task: Started on CPU0[0m
[0;32mI (339) main_task: Calling app_main()[0m
[0;32mI (339) MAIN: Hello[0m
[0;32mI (339) SSD1306: Legacy i2c driver is used[0m
[0;32mI (349) gpio: GPIO[15]| InputEn: 0| OutputEn: 0| OpenDrain: 0| Pullup: 1| Pulldown: 0| Intr:0 [0m
[0;32mI (359) main_task: Returned from app_main()[0m
[0;32mI (409) SSD1306: OLED configured successfully[0m
[0;32mI (499) MAIN: hello[0m
[0;32mI (499) MAIN: Hello123 [0m

assert failed: xQueueSemaphoreTake queue.c:1653 (( pxQueue ))


Backtrace: 0x40081876:0x3ffb6b00 0x40086ed1:0x3ffb6b20 0x4008c735:0x3ffb6b40 0x400877be:0x3ffb6c60 0x400d6d6f:0x3ffb6ca0 0x400d6f9b:0x3ffb6ce0 0x400d5cd4:0x3ffb6d10 0x400d5930:0x3ffb6d40 0x40089581:0x3ffb7280




ELF file SHA256: d75a600c809a7093

Rebooting...
ets Jun  8 2016 00:22:57

rst:0xc (SW_CPU_RESET),boot:0x13 (SPI_FAST_FLASH_BOOT)
configsip: 0, SPIWP:0xee
clk_drv:0x00,q_drv:0x00,d_drv:0x00,cs0_drv:0x00,hd_drv:0x00,wp_drv:0x00
mode:DIO, clock div:2
load:0x3fff0030,len:7084
ho 0 tail 12 room 4
load:0x40078000,len:15584
load:0x40080400,len:4
load:0x40080404,len:3876
entry 0x4008064c
[0;32mI (31) boot: ESP-IDF v5.1.2-dirty 2nd stage bootloader[0m
[0;32mI (31) boot: compile time Jun 22 2024 16:13:55[0m
[0;32mI (31) boot: Multicore bootloader[0m
[0;32mI (36) boot: chip revision: v1.0[0m
[0;32mI (40) boot.esp32: SPI Speed      : 40MHz[0m
[0;32mI (44) boot.esp32: SPI Mode       : DIO[0m
[0;32mI (49) boot.esp32: SPI Flash Size : 4MB[0m
[0;32mI (53) boot: Enabling RNG early entropy source...[0m
[0;32mI (59) boot: Partition Table:[0m
[0;32mI (62) boot: ## Label            Usage          Type ST Offset   Length[0m
[0;32mI (70) boot:  0 nvs              WiFi data        01 02 00009000 00006000[0m
[0;32mI (77) boot:  1 phy_init         RF data          01 01 0000f000 00001000[0m
[0;32mI (84) boot:  2 factory          factory app      00 00 00010000 00100000[0m
[0;32mI (92) boot: End of partition table[0m
[0;32mI (96) esp_image: segment 0: paddr=00010020 vaddr=3f400020 size=0ba60h ( 47712) map[0m
[0;32mI (122) esp_image: segment 1: paddr=0001ba88 vaddr=3ffb0000 size=02598h (  9624) load[0m
[0;32mI (126) esp_image: segment 2: paddr=0001e028 vaddr=40080000 size=01ff0h (  8176) load[0m
[0;32mI (131) esp_image: segment 3: paddr=00020020 vaddr=400d0020 size=184a0h ( 99488) map[0m
[0;32mI (172) esp_image: segment 4: paddr=000384c8 vaddr=40081ff0 size=0bac0h ( 47808) load[0m
[0;32mI (199) boot: Loaded app from partition at offset 0x10000[0m
[0;32mI (199) boot: Disabling RNG early entropy source...[0m
[0;32mI (211) cpu_start: Multicore app[0m
[0;32mI (211) cpu_start: Pro cpu up.[0m
[0;32mI (211) cpu_start: Starting app cpu, entry point is 0x40081244[0m
[0;32mI (198) cpu_start: App cpu up.[0m
[0;32mI (229) cpu_start: Pro cpu start user code[0m
[0;32mI (229) cpu_start: cpu freq: 240000000 Hz[0m
[0;32mI (229) cpu_start: Application information:[0m
[0;32mI (234) cpu_start: Project name:     i2s_i2c_test[0m
[0;32mI (239) cpu_start: App version:      5b74a3c-dirty[0m
[0;32mI (245) cpu_start: Compile time:     Jun 22 2024 16:13:35[0m
[0;32mI (251) cpu_start: ELF file SHA256:  d75a600c809a7093...[0m
[0;32mI (257) cpu_start: ESP-IDF:          v5.1.2-dirty[0m
[0;32mI (262) cpu_start: Min chip rev:     v0.0[0m
[0;32mI (267) cpu_start: Max chip rev:     v3.99 [0m
[0;32mI (272) cpu_start: Chip rev:         v1.0[0m
[0;32mI (277) heap_init: Initializing. RAM available for dynamic allocation:[0m
[0;32mI (284) heap_init: At 3FFAE6E0 len 00001920 (6 KiB): DRAM[0m
[0;32mI (290) heap_init: At 3FFB2E90 len 0002D170 (180 KiB): DRAM[0m
[0;32mI (296) heap_init: At 3FFE0440 len 00003AE0 (14 KiB): D/IRAM[0m
[0;32mI (302) heap_init: At 3FFE4350 len 0001BCB0 (111 KiB): D/IRAM[0m
[0;32mI (309) heap_init: At 4008DAB0 len 00012550 (73 KiB): IRAM[0m
[0;32mI (316) spi_flash: detected chip: generic[0m
[0;32mI (320) spi_flash: flash io: dio[0m
[0;32mI (324) app_start: Starting scheduler on CPU0[0m
[0;32mI (329) app_start: Starting scheduler on CPU1[0m
[0;32mI (329) main_task: Started on CPU0[0m
[0;32mI (339) main_task: Calling app_main()[0m
[0;32mI (339) MAIN: Hello[0m
[0;32mI (339) SSD1306: Legacy i2c driver is used[0m
[0;32mI (349) gpio: GPIO[15]| InputEn: 0| OutputEn: 0| OpenDrain: 0| Pullup: 1| Pulldown: 0| Intr:0 [0m
[0;32mI (359) main_task: Returned from app_main()[0m
